// Vitest Snapshot v1, https://vitest.dev/guide/snapshot.html

exports[`ButtonLink snapshot > matches the rendered structure 1`] = `"<button type="button" class="text-blue-700 underline underline-offset-2 cursor-pointer hover:text-blue-900 focus:outline-none focus-visible:ring-2 focus-visible:ring-blue-500 focus-visible:ring-offset-2">Click here</button>"`;
