// Vitest Snapshot v1, https://vitest.dev/guide/snapshot.html

exports[`Notifications snapshot > matches the rendered structure 1`] = `"<div data-testid="toast-container" data-position="top-center" data-autoclose="false" data-classname="w-full! m-0 p-0 px-2 left-0 right-0 top-0! transform-none" data-closebutton="CloseButton" data-toastclassnames="[&quot;w-full text-slate-900 flex items-center p-4 mt-2 relative rounded-md bg-red-50 border-red-200 &quot;,&quot;w-full text-slate-900 flex items-center p-4 mt-2 relative rounded-md bg-yellow-50 border-yellow-200&quot;,&quot;w-full text-slate-900 flex items-center p-4 mt-2 relative rounded-md bg-blue-50 border-blue-200&quot;,&quot;w-full text-slate-900 flex items-center p-4 mt-2 relative rounded-md bg-slate-50 border-slate-200&quot;,&quot;w-full text-slate-900 flex items-center p-4 mt-2 relative rounded-md undefined&quot;]"></div>"`;
