// Vitest Snapshot v1, https://vitest.dev/guide/snapshot.html

exports[`Button snapshot > matches the rendered structure (as a button) 1`] = `"<button class="inline-flex items-center justify-center gap-3 rounded-lg border border-gray-300 bg-white px-10 py-6 text-lg font-semibold text-gray-950 shadow-sm transition-colors cursor-pointer hover:bg-gray-50 active:bg-gray-100 focus:outline-none focus-visible:ring-2 focus-visible:ring-green-700 focus-visible:ring-offset-2 disabled:cursor-not-allowed disabled:opacity-60">Refresh</button>"`;

exports[`Button snapshot > matches the rendered structure (as an external link) 1`] = `"<a target="_blank" rel="noreferrer noopener" class="inline-flex items-center justify-center gap-3 rounded-lg border border-gray-300 bg-white px-10 py-6 text-lg font-semibold text-gray-950 shadow-sm transition-colors cursor-pointer hover:bg-gray-50 active:bg-gray-100 focus:outline-none focus-visible:ring-2 focus-visible:ring-green-700 focus-visible:ring-offset-2 disabled:cursor-not-allowed disabled:opacity-60" href="/customer">View customer<svg viewBox="0 0 20 20" aria-hidden="true" focusable="false" class="h-5 w-5 shrink-0"><path d="M11 3h6v6m0-6L9 11" fill="none" stroke="currentColor" stroke-width="1.75" stroke-linecap="round" stroke-linejoin="round"></path><path d="M8 4H5a2 2 0 0 0-2 2v9a2 2 0 0 0 2 2h9a2 2 0 0 0 2-2v-3" fill="none" stroke="currentColor" stroke-width="1.75" stroke-linecap="round" stroke-linejoin="round"></path></svg></a>"`;
