// Vitest Snapshot v1, https://vitest.dev/guide/snapshot.html

exports[`Main snapshot > matches the rendered structure 1`] = `"<div class="grid grid-flow-row grid-rows-[1fr_auto] h-screen"><main id="main-content" role="main"></main><div class="px-5"><footer class="border-t border-gray-200 py-6 text-right text-sm text-gray-600"><span>v<!-- -->0.0.0</span></footer></div></div>"`;
