// Vitest Snapshot v1, https://vitest.dev/guide/snapshot.html

exports[`Page snapshot > renders full width layout 1`] = `"<div class="h-full group"><div class="h-full grid grid-rows-[auto_1fr] grid-cols-[calc(100%/3)_auto]"><section class="p-5 row-start-1 col-span-2 border-primary group-has-[[data-slot=&quot;left&quot;],[data-slot=&quot;right&quot;]]:border-b" data-slot="full">Full Width Content</section></div></div>"`;

exports[`Page snapshot > renders full width layout with screen reader title 1`] = `"<div class="h-full group"><h1 class="sr-only">page</h1><div class="h-full grid grid-rows-[auto_1fr] grid-cols-[calc(100%/3)_auto]"><section class="p-5 row-start-1 col-span-2 border-primary group-has-[[data-slot=&quot;left&quot;],[data-slot=&quot;right&quot;]]:border-b" data-slot="full"><h2 class="sr-only">full</h2>Full Width Content</section></div></div>"`;

exports[`Page snapshot > renders grid 1`] = `"<div class="h-full group"><div class="h-full grid grid-rows-[auto_1fr] grid-cols-[calc(100%/3)_auto]">Content</div></div>"`;

exports[`Page snapshot > renders grid with screen reader title 1`] = `"<div class="h-full group"><h1 class="sr-only">page</h1><div class="h-full grid grid-rows-[auto_1fr] grid-cols-[calc(100%/3)_auto]">Content</div></div>"`;

exports[`Page snapshot > renders left and right columns 1`] = `"<div class="h-full group"><div class="h-full grid grid-rows-[auto_1fr] grid-cols-[calc(100%/3)_auto]"><section class="p-5 row-start-2 col-start-1 border-primary border-r group-has-data-[slot=&quot;full&quot;]:border-t" data-slot="left">Left Content</section><section class="p-5 row-start-2 col-start-2 border-primary border-l group-has-data-[slot=&quot;full&quot;]:border-t" data-slot="right">Right Content</section></div></div>"`;

exports[`Page snapshot > renders left and right columns 2`] = `"<div class="h-full group"><div class="h-full grid grid-rows-[auto_1fr] grid-cols-[calc(100%/3)_auto]"><section class="p-5 row-start-1 col-span-2 border-primary group-has-[[data-slot=&quot;left&quot;],[data-slot=&quot;right&quot;]]:border-b" data-slot="full">Full Width Content</section><section class="p-5 row-start-2 col-start-1 border-primary border-r group-has-data-[slot=&quot;full&quot;]:border-t" data-slot="left">Left Content</section><section class="p-5 row-start-2 col-start-2 border-primary border-l group-has-data-[slot=&quot;full&quot;]:border-t" data-slot="right">Right Content</section></div></div>"`;

exports[`Page snapshot > renders left and right columns with screen reader titles 1`] = `"<div class="h-full group"><h1 class="sr-only">page</h1><div class="h-full grid grid-rows-[auto_1fr] grid-cols-[calc(100%/3)_auto]"><section class="p-5 row-start-2 col-start-1 border-primary border-r group-has-data-[slot=&quot;full&quot;]:border-t" data-slot="left"><h2 class="sr-only">left</h2>Left Content</section><section class="p-5 row-start-2 col-start-2 border-primary border-l group-has-data-[slot=&quot;full&quot;]:border-t" data-slot="right"><h2 class="sr-only">right</h2>Right Content</section></div></div>"`;

exports[`Page snapshot > renders left and right columns with screen reader titles 2`] = `"<div class="h-full group"><h1 class="sr-only">page</h1><div class="h-full grid grid-rows-[auto_1fr] grid-cols-[calc(100%/3)_auto]"><section class="p-5 row-start-1 col-span-2 border-primary group-has-[[data-slot=&quot;left&quot;],[data-slot=&quot;right&quot;]]:border-b" data-slot="full"><h2 class="sr-only">full</h2>Full Width Content</section><section class="p-5 row-start-2 col-start-1 border-primary border-r group-has-data-[slot=&quot;full&quot;]:border-t" data-slot="left"><h2 class="sr-only">left</h2>Left Content</section><section class="p-5 row-start-2 col-start-2 border-primary border-l group-has-data-[slot=&quot;full&quot;]:border-t" data-slot="right"><h2 class="sr-only">right</h2>Right Content</section></div></div>"`;
